// Vitest Snapshot v1, https://vitest.dev/guide/snapshot.html

exports[`compress > calculates raw size 1`] = `
[
  2519,
  17346,
  4183,
  2877,
]
`;

exports[`compress > compresses with brotli 1`] = `
[
  1395,
  5718,
  2193,
  1142,
]
`;

exports[`compress > compresses with gzip 1`] = `
[
  1484,
  5734,
  2410,
  1205,
]
`;
